Running: C:\Xilinx\14.7\ISE_DS\ISE\bin\nt64\unwrapped\fuse.exe -intstyle ise -incremental -lib unisims_ver -lib unimacro_ver -lib xilinxcorelib_ver -lib secureip -o C:/Users/ESCOM/Desktop/temporal_p2/p2/tb_main_isim_beh.exe -prj C:/Users/ESCOM/Desktop/temporal_p2/p2/tb_main_beh.prj work.tb_main work.glbl 
ISim P.20131013 (signature 0x7708f090)
Number of CPUs detected in this system: 8
Turning on mult-threading, number of parallel sub-compilation jobs: 16 
Determining compilation order of HDL files
Analyzing Verilog file "C:/Users/ESCOM/Desktop/temporal_p2/p2/flipflop_t.v" into library work
Analyzing Verilog file "C:/Users/ESCOM/Desktop/temporal_p2/p2/divisor.v" into library work
Analyzing Verilog file "C:/Users/ESCOM/Desktop/temporal_p2/p2/main.v" into library work
Analyzing Verilog file "C:/Users/ESCOM/Desktop/temporal_p2/p2/tb_main.v" into library work
Analyzing Verilog file "C:/Xilinx/14.7/ISE_DS/ISE//verilog/src/glbl.v" into library work
Starting static elaboration
Completed static elaboration
Compiling module divisor
Compiling module flipflop_t
Compiling module main
Compiling module tb_main
Compiling module glbl
Time Resolution for simulation is 1ps.
Compiled 5 Verilog Units
Built simulation executable C:/Users/ESCOM/Desktop/temporal_p2/p2/tb_main_isim_beh.exe
Fuse Memory Usage: 27180 KB
Fuse CPU Usage: 327 ms
