Running: C:\Xilinx\14.7\ISE_DS\ISE\bin\nt64\unwrapped\fuse.exe -intstyle ise -incremental -lib unisims_ver -lib unimacro_ver -lib xilinxcorelib_ver -lib secureip -o C:/Users/ESCOM/Desktop/practicas_dsd-main/p3/main_tb_isim_beh.exe -prj C:/Users/ESCOM/Desktop/practicas_dsd-main/p3/main_tb_beh.prj work.main_tb work.glbl 
ISim P.20131013 (signature 0x7708f090)
Number of CPUs detected in this system: 8
Turning on mult-threading, number of parallel sub-compilation jobs: 16 
Determining compilation order of HDL files
Analyzing Verilog file "C:/Users/ESCOM/Desktop/practicas_dsd-main/p3/flipflop_jk.v" into library work
Analyzing Verilog file "C:/Users/ESCOM/Desktop/practicas_dsd-main/p3/divisor.v" into library work
Analyzing Verilog file "C:/Users/ESCOM/Desktop/practicas_dsd-main/p3/main.v" into library work
Analyzing Verilog file "C:/Users/ESCOM/Desktop/practicas_dsd-main/p3/main_tb.v" into library work
Analyzing Verilog file "C:/Xilinx/14.7/ISE_DS/ISE//verilog/src/glbl.v" into library work
Starting static elaboration
Completed static elaboration
Compiling module divisor
Compiling module flipflop_jk
Compiling module main
Compiling module main_tb
Compiling module glbl
Time Resolution for simulation is 1ps.
Waiting for 1 sub-compilation(s) to finish...
Compiled 5 Verilog Units
Built simulation executable C:/Users/ESCOM/Desktop/practicas_dsd-main/p3/main_tb_isim_beh.exe
Fuse Memory Usage: 28068 KB
Fuse CPU Usage: 327 ms
