Release 14.7 - xst P.20131013 (nt64)
Copyright (c) 1995-2013 Xilinx, Inc.  All rights reserved.
--> Parameter TMPDIR set to xst/projnav.tmp


Total REAL time to Xst completion: 0.00 secs
Total CPU time to Xst completion: 0.13 secs
 
--> Parameter xsthdpdir set to xst


Total REAL time to Xst completion: 0.00 secs
Total CPU time to Xst completion: 0.13 secs
 
--> Reading design: main.prj

TABLE OF CONTENTS
  1) Synthesis Options Summary
  2) HDL Parsing
  3) HDL Elaboration
  4) HDL Synthesis
       4.1) HDL Synthesis Report
  5) Advanced HDL Synthesis
       5.1) Advanced HDL Synthesis Report
  6) Low Level Synthesis
  7) Partition Report
  8) Design Summary
       8.1) Primitive and Black Box Usage
       8.2) Device utilization summary
       8.3) Partition Resource Summary
       8.4) Timing Report
            8.4.1) Clock Information
            8.4.2) Asynchronous Control Signals Information
            8.4.3) Timing Summary
            8.4.4) Timing Details
            8.4.5) Cross Clock Domains Report


=========================================================================
*                      Synthesis Options Summary                        *
=========================================================================
---- Source Parameters
Input File Name                    : "main.prj"
Ignore Synthesis Constraint File   : NO

---- Target Parameters
Output File Name                   : "main"
Output Format                      : NGC
Target Device                      : xc6slx16-3-csg324

---- Source Options
Top Module Name                    : main
Automatic FSM Extraction           : YES
FSM Encoding Algorithm             : Auto
Safe Implementation                : No
FSM Style                          : LUT
RAM Extraction                     : Yes
RAM Style                          : Auto
ROM Extraction                     : Yes
Shift Register Extraction          : YES
ROM Style                          : Auto
Resource Sharing                   : YES
Asynchronous To Synchronous        : NO
Shift Register Minimum Size        : 2
Use DSP Block                      : Auto
Automatic Register Balancing       : No

---- Target Options
LUT Combining                      : Auto
Reduce Control Sets                : Auto
Add IO Buffers                     : YES
Global Maximum Fanout              : 100000
Add Generic Clock Buffer(BUFG)     : 16
Register Duplication               : YES
Optimize Instantiated Primitives   : NO
Use Clock Enable                   : Auto
Use Synchronous Set                : Auto
Use Synchronous Reset              : Auto
Pack IO Registers into IOBs        : Auto
Equivalent register Removal        : YES

---- General Options
Optimization Goal                  : Speed
Optimization Effort                : 1
Power Reduction                    : NO
Keep Hierarchy                     : No
Netlist Hierarchy                  : As_Optimized
RTL Output                         : Yes
Global Optimization                : AllClockNets
Read Cores                         : YES
Write Timing Constraints           : NO
Cross Clock Analysis               : NO
Hierarchy Separator                : /
Bus Delimiter                      : <>
Case Specifier                     : Maintain
Slice Utilization Ratio            : 100
BRAM Utilization Ratio             : 100
DSP48 Utilization Ratio            : 100
Auto BRAM Packing                  : NO
Slice Utilization Ratio Delta      : 5

=========================================================================


=========================================================================
*                          HDL Parsing                                  *
=========================================================================
Analyzing Verilog file "C:\Users\ESCOM\Desktop\practicas_dsd-main\p3\flipflop_jk.v" into library work
Parsing module <flipflop_jk>.
Analyzing Verilog file "C:\Users\ESCOM\Desktop\practicas_dsd-main\p3\divisor.v" into library work
Parsing module <divisor>.
Analyzing Verilog file "C:\Users\ESCOM\Desktop\practicas_dsd-main\p3\main.v" into library work
Parsing module <main>.

=========================================================================
*                            HDL Elaboration                            *
=========================================================================

Elaborating module <main>.

Elaborating module <divisor>.
WARNING:HDLCompiler:413 - "C:\Users\ESCOM\Desktop\practicas_dsd-main\p3\divisor.v" Line 40: Result of 27-bit expression is truncated to fit in 26-bit target.

Elaborating module <flipflop_jk>.

=========================================================================
*                           HDL Synthesis                               *
=========================================================================

Synthesizing Unit <main>.
    Related source file is "C:\Users\ESCOM\Desktop\practicas_dsd-main\p3\main.v".
    Summary:
	no macro.
Unit <main> synthesized.

Synthesizing Unit <divisor>.
    Related source file is "C:\Users\ESCOM\Desktop\practicas_dsd-main\p3\divisor.v".
    Found 26-bit register for signal <contador>.
    Found 1-bit register for signal <pulso>.
    Found 26-bit adder for signal <contador[25]_GND_2_o_add_1_OUT> created at line 40.
    Summary:
	inferred   1 Adder/Subtractor(s).
	inferred  27 D-type flip-flop(s).
	inferred   1 Multiplexer(s).
Unit <divisor> synthesized.

Synthesizing Unit <flipflop_jk>.
    Related source file is "C:\Users\ESCOM\Desktop\practicas_dsd-main\p3\flipflop_jk.v".
    Found 1-bit register for signal <nq>.
    Found 1-bit register for signal <q>.
    Summary:
	inferred   2 D-type flip-flop(s).
Unit <flipflop_jk> synthesized.

=========================================================================
HDL Synthesis Report

Macro Statistics
# Adders/Subtractors                                   : 1
 26-bit adder                                          : 1
# Registers                                            : 4
 1-bit register                                        : 3
 26-bit register                                       : 1
# Multiplexers                                         : 1
 26-bit 2-to-1 multiplexer                             : 1

=========================================================================

=========================================================================
*                       Advanced HDL Synthesis                          *
=========================================================================


Synthesizing (advanced) Unit <divisor>.
The following registers are absorbed into counter <contador>: 1 register on signal <contador>.
Unit <divisor> synthesized (advanced).

=========================================================================
Advanced HDL Synthesis Report

Macro Statistics
# Counters                                             : 1
 26-bit up counter                                     : 1
# Registers                                            : 3
 Flip-Flops                                            : 3

=========================================================================

=========================================================================
*                         Low Level Synthesis                           *
=========================================================================

Optimizing unit <main> ...

Mapping all equations...
Building and optimizing final netlist ...
Found area constraint ratio of 100 (+ 5) on block main, actual ratio is 0.

Final Macro Processing ...

=========================================================================
Final Register Report

Macro Statistics
# Registers                                            : 29
 Flip-Flops                                            : 29

=========================================================================

=========================================================================
*                           Partition Report                            *
=========================================================================

Partition Implementation Status
-------------------------------

  No Partitions were found in this design.

-------------------------------

=========================================================================
*                            Design Summary                             *
=========================================================================

Top Level Output File Name         : main.ngc

Primitive and Black Box Usage:
------------------------------
# BELS                             : 114
#      GND                         : 1
#      INV                         : 1
#      LUT1                        : 25
#      LUT2                        : 26
#      LUT3                        : 2
#      LUT6                        : 7
#      MUXCY                       : 25
#      VCC                         : 1
#      XORCY                       : 26
# FlipFlops/Latches                : 29
#      FDC                         : 27
#      FDCE                        : 1
#      FDP                         : 1
# Clock Buffers                    : 1
#      BUFGP                       : 1
# IO Buffers                       : 6
#      IBUF                        : 3
#      OBUF                        : 3

Device utilization summary:
---------------------------

Selected Device : 6slx16csg324-3 


Slice Logic Utilization: 
 Number of Slice Registers:              29  out of  18224     0%  
 Number of Slice LUTs:                   61  out of   9112     0%  
    Number used as Logic:                61  out of   9112     0%  

Slice Logic Distribution: 
 Number of LUT Flip Flop pairs used:     61
   Number with an unused Flip Flop:      32  out of     61    52%  
   Number with an unused LUT:             0  out of     61     0%  
   Number of fully used LUT-FF pairs:    29  out of     61    47%  
   Number of unique control sets:         3

IO Utilization: 
 Number of IOs:                           7
 Number of bonded IOBs:                   7  out of    232     3%  

Specific Feature Utilization:
 Number of BUFG/BUFGCTRLs:                1  out of     16     6%  

---------------------------
Partition Resource Summary:
---------------------------

  No Partitions were found in this design.

---------------------------


=========================================================================
Timing Report

NOTE: THESE TIMING NUMBERS ARE ONLY A SYNTHESIS ESTIMATE.
      FOR ACCURATE TIMING INFORMATION PLEASE REFER TO THE TRACE REPORT
      GENERATED AFTER PLACE-and-ROUTE.

Clock Information:
------------------
-----------------------------------+------------------------+-------+
Clock Signal                       | Clock buffer(FF name)  | Load  |
-----------------------------------+------------------------+-------+
div/pulso                          | NONE(ffjk/q)           | 2     |
clk_top                            | BUFGP                  | 27    |
-----------------------------------+------------------------+-------+
INFO:Xst:2169 - HDL ADVISOR - Some clock signals were not automatically buffered by XST with BUFG/BUFR resources. Please use the buffer_type constraint in order to insert these buffers to the clock signals to help prevent skew problems.

Asynchronous Control Signals Information:
----------------------------------------
No asynchronous control signals found in this design

Timing Summary:
---------------
Speed Grade: -3

   Minimum period: 3.998ns (Maximum Frequency: 250.150MHz)
   Minimum input arrival time before clock: 2.901ns
   Maximum output required time after clock: 3.701ns
   Maximum combinational path delay: No path found

Timing Details:
---------------
All values displayed in nanoseconds (ns)

=========================================================================
Timing constraint: Default period analysis for Clock 'div/pulso'
  Clock period: 1.633ns (frequency: 612.276MHz)
  Total number of paths / destination ports: 2 / 2
-------------------------------------------------------------------------
Delay:               1.633ns (Levels of Logic = 1)
  Source:            ffjk/q (FF)
  Destination:       ffjk/q (FF)
  Source Clock:      div/pulso rising
  Destination Clock: div/pulso rising

  Data Path: ffjk/q to ffjk/q
                                Gate     Net
    Cell:in->out      fanout   Delay   Delay  Logical Name (Net Name)
    ----------------------------------------  ------------
     FDC:C->Q              3   0.447   0.879  ffjk/q (ffjk/q)
     LUT3:I0->O            1   0.205   0.000  ffjk/q_q_OR_32_o1 (ffjk/q_q_OR_32_o)
     FDC:D                     0.102          ffjk/q
    ----------------------------------------
    Total                      1.633ns (0.754ns logic, 0.879ns route)
                                       (46.2% logic, 53.8% route)

=========================================================================
Timing constraint: Default period analysis for Clock 'clk_top'
  Clock period: 3.998ns (frequency: 250.150MHz)
  Total number of paths / destination ports: 1054 / 28
-------------------------------------------------------------------------
Delay:               3.998ns (Levels of Logic = 3)
  Source:            div/contador_8 (FF)
  Destination:       div/contador_0 (FF)
  Source Clock:      clk_top rising
  Destination Clock: clk_top rising

  Data Path: div/contador_8 to div/contador_0
                                Gate     Net
    Cell:in->out      fanout   Delay   Delay  Logical Name (Net Name)
    ----------------------------------------  ------------
     FDC:C->Q              2   0.447   0.981  div/contador_8 (div/contador_8)
     LUT6:I0->O            3   0.203   0.898  div/GND_2_o_GND_2_o_equal_1_o<25>4 (div/GND_2_o_GND_2_o_equal_1_o<25>3)
     LUT6:I2->O           14   0.203   0.958  div/GND_2_o_GND_2_o_equal_1_o<25>5 (div/GND_2_o_GND_2_o_equal_1_o)
     LUT2:I1->O            1   0.205   0.000  div/Mcount_contador_eqn_01 (div/Mcount_contador_eqn_0)
     FDC:D                     0.102          div/contador_0
    ----------------------------------------
    Total                      3.998ns (1.160ns logic, 2.838ns route)
                                       (29.0% logic, 71.0% route)

=========================================================================
Timing constraint: Default OFFSET IN BEFORE for Clock 'div/pulso'
  Total number of paths / destination ports: 6 / 4
-------------------------------------------------------------------------
Offset:              2.901ns (Levels of Logic = 1)
  Source:            reset_top (PAD)
  Destination:       ffjk/q (FF)
  Destination Clock: div/pulso rising

  Data Path: reset_top to ffjk/q
                                Gate     Net
    Cell:in->out      fanout   Delay   Delay  Logical Name (Net Name)
    ----------------------------------------  ------------
     IBUF:I->O            29   1.222   1.249  reset_top_IBUF (reset_top_IBUF)
     FDP:PRE                   0.430          ffjk/nq
    ----------------------------------------
    Total                      2.901ns (1.652ns logic, 1.249ns route)
                                       (57.0% logic, 43.0% route)

=========================================================================
Timing constraint: Default OFFSET IN BEFORE for Clock 'clk_top'
  Total number of paths / destination ports: 27 / 27
-------------------------------------------------------------------------
Offset:              2.901ns (Levels of Logic = 1)
  Source:            reset_top (PAD)
  Destination:       div/pulso (FF)
  Destination Clock: clk_top rising

  Data Path: reset_top to div/pulso
                                Gate     Net
    Cell:in->out      fanout   Delay   Delay  Logical Name (Net Name)
    ----------------------------------------  ------------
     IBUF:I->O            29   1.222   1.249  reset_top_IBUF (reset_top_IBUF)
     FDCE:CLR                  0.430          div/pulso
    ----------------------------------------
    Total                      2.901ns (1.652ns logic, 1.249ns route)
                                       (57.0% logic, 43.0% route)

=========================================================================
Timing constraint: Default OFFSET OUT AFTER for Clock 'clk_top'
  Total number of paths / destination ports: 1 / 1
-------------------------------------------------------------------------
Offset:              3.701ns (Levels of Logic = 1)
  Source:            div/pulso (FF)
  Destination:       pulso_top (PAD)
  Source Clock:      clk_top rising

  Data Path: div/pulso to pulso_top
                                Gate     Net
    Cell:in->out      fanout   Delay   Delay  Logical Name (Net Name)
    ----------------------------------------  ------------
     FDCE:C->Q             4   0.447   0.683  div/pulso (div/pulso)
     OBUF:I->O                 2.571          pulso_top_OBUF (pulso_top)
    ----------------------------------------
    Total                      3.701ns (3.018ns logic, 0.683ns route)
                                       (81.6% logic, 18.4% route)

=========================================================================
Timing constraint: Default OFFSET OUT AFTER for Clock 'div/pulso'
  Total number of paths / destination ports: 2 / 2
-------------------------------------------------------------------------
Offset:              3.668ns (Levels of Logic = 1)
  Source:            ffjk/q (FF)
  Destination:       q_top (PAD)
  Source Clock:      div/pulso rising

  Data Path: ffjk/q to q_top
                                Gate     Net
    Cell:in->out      fanout   Delay   Delay  Logical Name (Net Name)
    ----------------------------------------  ------------
     FDC:C->Q              3   0.447   0.650  ffjk/q (ffjk/q)
     OBUF:I->O                 2.571          q_top_OBUF (q_top)
    ----------------------------------------
    Total                      3.668ns (3.018ns logic, 0.650ns route)
                                       (82.3% logic, 17.7% route)

=========================================================================

Cross Clock Domains Report:
--------------------------

Clock to Setup on destination clock clk_top
---------------+---------+---------+---------+---------+
               | Src:Rise| Src:Fall| Src:Rise| Src:Fall|
Source Clock   |Dest:Rise|Dest:Rise|Dest:Fall|Dest:Fall|
---------------+---------+---------+---------+---------+
clk_top        |    3.998|         |         |         |
---------------+---------+---------+---------+---------+

Clock to Setup on destination clock div/pulso
---------------+---------+---------+---------+---------+
               | Src:Rise| Src:Fall| Src:Rise| Src:Fall|
Source Clock   |Dest:Rise|Dest:Rise|Dest:Fall|Dest:Fall|
---------------+---------+---------+---------+---------+
div/pulso      |    1.633|         |         |         |
---------------+---------+---------+---------+---------+

=========================================================================


Total REAL time to Xst completion: 6.00 secs
Total CPU time to Xst completion: 5.67 secs
 
--> 

Total memory usage is 4486940 kilobytes

Number of errors   :    0 (   0 filtered)
Number of warnings :    1 (   0 filtered)
Number of infos    :    1 (   0 filtered)

